// Jest Snapshot v1, https://goo.gl/fbAQLP

exports[`With Snapshot Testing App shows "Hello world!" 1`] = `
.c0 {
  color: red;
  font-size: 50px;
}

<h1
  className="c0"
>
  Hello World!
</h1>
`;

exports[`with jest-styled-components works with styled-components 1`] = `
.c0 {
  color: red;
  font-size: 50px;
}

<h1
  className="c0"
>
  Hello World!
</h1>
`;
